
> build
> react-router build

[36mvite v6.3.5 [32mbuilding for production...[36m[39m
transforming...
[32mΓ£ô[39m 83 modules transformed.
rendering chunks...
computing gzip size...
[2mbuild/client/[22m[32m.vite/manifest.json                [39m[1m[2m  3.07 kB[22m[1m[22m[2m Γöé gzip:   0.58 kB[22m
[2mbuild/client/[22m[35massets/root-uu7KZdN8.css           [39m[1m[2m 32.65 kB[22m[1m[22m[2m Γöé gzip:   6.48 kB[22m
[2mbuild/client/[22m[36massets/Navbar-DdLvIwYJ.js          [39m[1m[2m  0.32 kB[22m[1m[22m[2m Γöé gzip:   0.24 kB[22m
[2mbuild/client/[22m[36massets/wipe-RWU7PbBx.js            [39m[1m[2m  1.00 kB[22m[1m[22m[2m Γöé gzip:   0.58 kB[22m
[2mbuild/client/[22m[36massets/auth-BOzBCEXo.js            [39m[1m[2m  1.23 kB[22m[1m[22m[2m Γöé gzip:   0.63 kB[22m
[2mbuild/client/[22m[36massets/root-Dfrh2ZNM.js            [39m[1m[2m  1.24 kB[22m[1m[22m[2m Γöé gzip:   0.70 kB[22m
[2mbuild/client/[22m[36massets/home-Cmp1N4uG.js            [39m[1m[2m  3.58 kB[22m[1m[22m[2m Γöé gzip:   1.58 kB[22m
[2mbuild/client/[22m[36massets/puter-N-LIF3ap.js           [39m[1m[2m  4.50 kB[22m[1m[22m[2m Γöé gzip:   1.30 kB[22m
[2mbuild/client/[22m[36massets/resume-B1TkZDye.js          [39m[1m[2m 12.86 kB[22m[1m[22m[2m Γöé gzip:   4.42 kB[22m
[2mbuild/client/[22m[36massets/index-DLRl9Hq1.js           [39m[1m[2m 30.23 kB[22m[1m[22m[2m Γöé gzip:   9.77 kB[22m
[2mbuild/client/[22m[36massets/upload-C3F2MIvY.js          [39m[1m[2m 67.12 kB[22m[1m[22m[2m Γöé gzip:  19.76 kB[22m
[2mbuild/client/[22m[36massets/chunk-QMGIS6GS-DX0VMMAr.js  [39m[1m[2m117.27 kB[22m[1m[22m[2m Γöé gzip:  39.57 kB[22m
[2mbuild/client/[22m[36massets/entry.client-DQFzWzMJ.js    [39m[1m[2m181.52 kB[22m[1m[22m[2m Γöé gzip:  57.32 kB[22m
[2mbuild/client/[22m[36massets/pdf-CaJW-a52.js             [39m[1m[2m382.47 kB[22m[1m[22m[2m Γöé gzip: 113.64 kB[22m
[32mΓ£ô built in 4.74s[39m
[36mvite v6.3.5 [32mbuilding SSR bundle for production...[36m[39m
transforming...
node.exe : [33m"default" is imported from external module "react" but never 
used in "app/routes/auth.tsx", "app/routes/wipe.tsx", 
"app/components/ATS.tsx", "app/components/FileUploader.tsx", 
"app/routes/upload.tsx", "app/components/ScoreGauge.tsx", 
"app/components/ResumeCard.tsx", "app/routes/home.tsx", 
"app/components/Accordion.tsx", "app/routes/resume.tsx" and 
"app/root.tsx".[39m
At line:1 char:1
+ & "C:\Program Files\nodejs/node.exe" "C:\Program Files\nodejs/node_mo ...
+ ~~~~~~~~~~~~~~~~~~~~~~~~~~~~~~~~~~~~~~~~~~~~~~~~~~~~~~~~~~~~~~~~~~~~~
    + CategoryInfo          : NotSpecified: ([33m"default" ...root.tsx".[39m 
   :String) [], RemoteException
    + FullyQualifiedErrorId : NativeCommandError
 
[32mΓ£ô[39m 24 modules transformed.
rendering chunks...
[2mbuild/server/[22m[32m.vite/manifest.json               [39m[1m[2m 0.23 kB[22m[1m[22m
[2mbuild/server/[22m[35massets/server-build-uu7KZdN8.css  [39m[1m[2m32.65 kB[22m[1m[22m
[2mbuild/server/[22m[36mindex.js                          [39m[1m[2m68.98 kB[22m[1m[22m

[32mΓ£ô[39m 1 asset cleaned from React Router server build.
[2mbuild\server\assets\server-build-uu7KZdN8.css[22m

[32mΓ£ô built in 544ms[39m
